MO Multiplexer NULL Multiplexer.v vlg5F/_multiplexer.bin 1385410517
MO counter NULL counter.v vlg10/counter.bin 1385410517
MO Anode_Driver NULL Anode_Driver.v vlg7E/_anode___driver.bin 1385410517
MO hex_to_7_seg_1 NULL hex_to_7_seg_1.v vlg4B/hex__to__7__seg__1.bin 1385410517
MO product_top NULL product_top.v vlg2F/product__top.bin 1385410517
MO shiftAdd NULL shiftAdd.v vlg77/shift_add.bin 1385410517
