MO halfadder NULL halfadder.v vlg33/halfadder.bin 1383598395
MO ClockConverter NULL ClockConverter.v vlg30/_clock_converter.bin 1383598395
MO rippleAdder4bit NULL rippleAdder4bit.v vlg4F/ripple_adder4bit.bin 1383598395
MO fulladder NULL fulladder.v vlg33/fulladder.bin 1383598395
MO test_mod NULL test_mod.v vlg0B/test__mod.bin 1383598395
MO counter NULL counter.v vlg10/counter.bin 1383598395
MO lookaheadAdder4bit NULL lookaheadAdder4bit.v vlg17/lookahead_adder4bit.bin 1383598395
