MO AnodeDriverClock NULL AnodeDriverClock.v vlg27/_anode_driver_clock.bin 1383527820
MO Nbit21mux NULL Nbit21mux.v vlg62/_nbit21mux.bin 1383527820
MO ClockConverter NULL ClockConverter.v vlg30/_clock_converter.bin 1383527820
MO Hex7Continuous NULL Hex7Continuous.v vlg5B/_hex7_continuous.bin 1383527820
MO Mux4bit NULL Mux4bit.v vlg5D/_mux4bit.bin 1383527820
MO mux4bit41 NULL mux4bit41.v vlg6A/mux4bit41.bin 1383527820
MO AnodeDriver NULL AnodeDriver.v vlg6B/_anode_driver.bin 1383527820
